// Jest Snapshot v1, https://goo.gl/fbAQLP

exports[`<Input /> renders component correctly 1`] = `
.c0 {
  display: -webkit-box;
  display: -webkit-flex;
  display: -ms-flexbox;
  display: flex;
  font-size: 16px;
  padding: 8px 10px;
  border-radius: 8px;
  border: 3px solid #bdbdbd;
  outline: none;
}

<div>
  <input
    class="c0"
    type="text"
    value="default value"
  />
</div>
`;
