// Jest Snapshot v1, https://goo.gl/fbAQLP

exports[`<App /> renders component correctly 1`] = `
.c5 {
  background: #3a86ff;
  padding: 10px 20px;
  border-radius: 8px;
  cursor: pointer;
  border: 0;
}

.c5:hover {
  background: #2877ff;
}

.c5:active {
  box-shadow: inset 10px 10px 20px rgba(0,0,0,0.2);
}

.c7 {
  background: #ff1744;
  padding: 10px 20px;
  border-radius: 8px;
  cursor: pointer;
  border: 0;
}

.c7:hover {
  background: #d01440;
}

.c7:active {
  box-shadow: inset 10px 10px 20px rgba(0,0,0,0.2);
}

.c6 {
  color: #ffffff;
  font-size: 16px;
}

.c4 {
  display: -webkit-box;
  display: -webkit-flex;
  display: -ms-flexbox;
  display: flex;
  font-size: 16px;
  padding: 8px 10px;
  border-radius: 8px;
  border: 3px solid #bdbdbd;
  outline: none;
}

.c0 {
  border: 1px solid red;
  min-height: 100vh;
  display: -webkit-box;
  display: -webkit-flex;
  display: -ms-flexbox;
  display: flex;
  -webkit-flex-direction: column;
  -ms-flex-direction: column;
  flex-direction: column;
  -webkit-align-items: center;
  -webkit-box-align: center;
  -ms-flex-align: center;
  align-items: center;
  -webkit-box-pack: center;
  -webkit-justify-content: center;
  -ms-flex-pack: center;
  justify-content: center;
}

.c1 {
  border: 1px solid rgba(0,0,0,0.2);
  display: -webkit-box;
  display: -webkit-flex;
  display: -ms-flexbox;
  display: flex;
  -webkit-flex-direction: column;
  -ms-flex-direction: column;
  flex-direction: column;
  background: #ffffff;
  padding: 20px;
  border-radius: 8px;
  box-shadow: 5px 5px 10px rgba(0,0,0,0.2);
  position: relative;
}

.c3 {
  display: -webkit-box;
  display: -webkit-flex;
  display: -ms-flexbox;
  display: flex;
}

.c2 {
  border: none;
  width: 98%;
  height: 2px;
  background: #dbdbdb;
}

<div>
  <div
    class="c0"
  >
    <div
      class="c1"
    >
      <div
        class=""
        data-testid="todoList"
      />
      <hr
        class="c2"
      />
      <div
        class="c3"
      >
        <input
          class="c4"
          placeholder="Add something..."
          type="text"
          value=""
        />
        <button
          class="c5"
        >
          <div
            class="c6"
          >
            Add
          </div>
        </button>
      </div>
      <button
        class="c7"
      >
        <div
          class="c6"
        >
          Remove
        </div>
      </button>
    </div>
  </div>
</div>
`;
